// Jest Snapshot v1, https://goo.gl/fbAQLP

exports[`TargetBox should match snapshot 1`] = `
<div>
  <div
    class="target-box MuiBox-root css-1utze5o"
  >
    <span
      class="MuiTypography-root MuiTypography-overline css-1g83iv3-MuiTypography-root"
    >
      Total Goal Target
    </span>
    <div
      data-testid="live-counter"
    >
      1000000
    </div>
    <span
      class="MuiTypography-root MuiTypography-caption css-12pkckq-MuiTypography-root"
    >
      across 2 goals
    </span>
    <div
      class="MuiBox-root css-1vzzbq1"
    >
      <button
        class="MuiButtonBase-root MuiButton-root MuiButton-contained MuiButton-containedPrimary MuiButton-sizeSmall MuiButton-containedSizeSmall MuiButton-colorPrimary MuiButton-root MuiButton-contained MuiButton-containedPrimary MuiButton-sizeSmall MuiButton-containedSizeSmall MuiButton-colorPrimary add-goals-button css-6wsdc3-MuiButtonBase-root-MuiButton-root"
        tabindex="0"
        type="button"
      >
        <span
          class="MuiButton-icon MuiButton-startIcon MuiButton-iconSizeSmall css-1tjwu2m-MuiButton-startIcon"
        >
          <svg
            aria-hidden="true"
            class="MuiSvgIcon-root MuiSvgIcon-fontSizeSmall css-120dh41-MuiSvgIcon-root"
            data-testid="AddIcon"
            focusable="false"
            viewBox="0 0 24 24"
          >
            <path
              d="M19 13h-6v6h-2v-6H5v-2h6V5h2v6h6z"
            />
          </svg>
        </span>
        Add Goal
      </button>
      <button
        class="MuiButtonBase-root MuiButton-root MuiButton-outlined MuiButton-outlinedPrimary MuiButton-sizeSmall MuiButton-outlinedSizeSmall MuiButton-colorPrimary MuiButton-root MuiButton-outlined MuiButton-outlinedPrimary MuiButton-sizeSmall MuiButton-outlinedSizeSmall MuiButton-colorPrimary view-goals-button css-1mned2q-MuiButtonBase-root-MuiButton-root"
        tabindex="0"
        type="button"
      >
        <span
          class="MuiButton-icon MuiButton-startIcon MuiButton-iconSizeSmall css-1tjwu2m-MuiButton-startIcon"
        >
          <svg
            aria-hidden="true"
            class="MuiSvgIcon-root MuiSvgIcon-fontSizeSmall css-120dh41-MuiSvgIcon-root"
            data-testid="FormatListBulletedIcon"
            focusable="false"
            viewBox="0 0 24 24"
          >
            <path
              d="M4 10.5c-.83 0-1.5.67-1.5 1.5s.67 1.5 1.5 1.5 1.5-.67 1.5-1.5-.67-1.5-1.5-1.5m0-6c-.83 0-1.5.67-1.5 1.5S3.17 7.5 4 7.5 5.5 6.83 5.5 6 4.83 4.5 4 4.5m0 12c-.83 0-1.5.68-1.5 1.5s.68 1.5 1.5 1.5 1.5-.68 1.5-1.5-.67-1.5-1.5-1.5M7 19h14v-2H7zm0-6h14v-2H7zm0-8v2h14V5z"
            />
          </svg>
        </span>
        Goals
      </button>
    </div>
  </div>
</div>
`;
